src/app/api/telegram/upload/route.ts(3,26): error TS2306: File 'C:/Users/saksh/Downloads/agencyOS-master/agencyOS-master/src/types/database.ts' is not a module.
src/components/ideas/IdeaBoard.tsx(19,26): error TS2306: File 'C:/Users/saksh/Downloads/agencyOS-master/agencyOS-master/src/types/database.ts' is not a module.
src/components/ideas/IdeaCard.tsx(7,26): error TS2306: File 'C:/Users/saksh/Downloads/agencyOS-master/agencyOS-master/src/types/database.ts' is not a module.
src/components/ideas/IdeaColumn.tsx(6,26): error TS2306: File 'C:/Users/saksh/Downloads/agencyOS-master/agencyOS-master/src/types/database.ts' is not a module.
src/components/pipeline/PipelineBoard.tsx(19,26): error TS2306: File 'C:/Users/saksh/Downloads/agencyOS-master/agencyOS-master/src/types/database.ts' is not a module.
src/components/pipeline/PipelineCard.tsx(7,26): error TS2306: File 'C:/Users/saksh/Downloads/agencyOS-master/agencyOS-master/src/types/database.ts' is not a module.
src/components/pipeline/PipelineColumn.tsx(6,26): error TS2306: File 'C:/Users/saksh/Downloads/agencyOS-master/agencyOS-master/src/types/database.ts' is not a module.
src/components/projects/ProjectCard.tsx(23,26): error TS2306: File 'C:/Users/saksh/Downloads/agencyOS-master/agencyOS-master/src/types/database.ts' is not a module.
src/components/providers/WorkspaceProvider.tsx(7,26): error TS2306: File 'C:/Users/saksh/Downloads/agencyOS-master/agencyOS-master/src/types/database.ts' is not a module.
src/components/targets/TargetBoard.tsx(19,26): error TS2306: File 'C:/Users/saksh/Downloads/agencyOS-master/agencyOS-master/src/types/database.ts' is not a module.
src/components/targets/TargetCard.tsx(7,26): error TS2306: File 'C:/Users/saksh/Downloads/agencyOS-master/agencyOS-master/src/types/database.ts' is not a module.
src/components/targets/TargetColumn.tsx(6,26): error TS2306: File 'C:/Users/saksh/Downloads/agencyOS-master/agencyOS-master/src/types/database.ts' is not a module.
src/components/tasks/TaskCard.tsx(4,26): error TS2306: File 'C:/Users/saksh/Downloads/agencyOS-master/agencyOS-master/src/types/database.ts' is not a module.
src/hooks/useIdeas.ts(5,26): error TS2306: File 'C:/Users/saksh/Downloads/agencyOS-master/agencyOS-master/src/types/database.ts' is not a module.
src/hooks/useLeads.ts(3,26): error TS2306: File 'C:/Users/saksh/Downloads/agencyOS-master/agencyOS-master/src/types/database.ts' is not a module.
src/hooks/useProjects.ts(3,26): error TS2306: File 'C:/Users/saksh/Downloads/agencyOS-master/agencyOS-master/src/types/database.ts' is not a module.
src/hooks/useTargets.ts(3,26): error TS2306: File 'C:/Users/saksh/Downloads/agencyOS-master/agencyOS-master/src/types/database.ts' is not a module.
src/hooks/useTasks.ts(3,26): error TS2306: File 'C:/Users/saksh/Downloads/agencyOS-master/agencyOS-master/src/types/database.ts' is not a module.
src/hooks/useWorkspace.ts(4,26): error TS2306: File 'C:/Users/saksh/Downloads/agencyOS-master/agencyOS-master/src/types/database.ts' is not a module.
src/lib/supabase/client.ts(2,26): error TS2306: File 'C:/Users/saksh/Downloads/agencyOS-master/agencyOS-master/src/types/database.ts' is not a module.
src/lib/supabase/server.ts(3,26): error TS2306: File 'C:/Users/saksh/Downloads/agencyOS-master/agencyOS-master/src/types/database.ts' is not a module.
src/lib/supabaseClient.ts(2,31): error TS2306: File 'C:/Users/saksh/Downloads/agencyOS-master/agencyOS-master/src/types/database.ts' is not a module.
